// Jest Snapshot v1, https://goo.gl/fbAQLP

exports[`normalizeCommits should do nothing with normal commits 1`] = `
Array [
  Object {
    "authorEmail": "adam@dierkens.com",
    "authorName": "Adam Dierkens",
    "authors": Array [
      Object {
        "email": "adam@dierkens.com",
        "name": "Adam Dierkens",
      },
    ],
    "files": Array [],
    "hash": "foo",
    "labels": Array [],
    "pullRequest": undefined,
    "subject": "First",
  },
  Object {
    "authorEmail": "adam@dierkens.com",
    "authorName": "Adam Dierkens",
    "authors": Array [
      Object {
        "email": "adam@dierkens.com",
        "name": "Adam Dierkens",
      },
    ],
    "files": Array [],
    "hash": "foo",
    "labels": Array [],
    "pullRequest": undefined,
    "subject": "Second",
  },
  Object {
    "authorEmail": "adam@dierkens.com",
    "authorName": "Adam Dierkens",
    "authors": Array [
      Object {
        "email": "adam@dierkens.com",
        "name": "Adam Dierkens",
      },
    ],
    "files": Array [],
    "hash": "foo",
    "labels": Array [],
    "pullRequest": undefined,
    "subject": "Third",
  },
]
`;
