// Jest Snapshot v1, https://goo.gl/fbAQLP

exports[`the dangerfile gitDSL - BitBucket Cloud should include \`added\` text content of the file 1`] = `"+\\"Example/Build\\",+\\"externals/\\""`;

exports[`the dangerfile gitDSL - BitBucket Cloud should include \`after\` text content of the file 1`] = `"{\\"path\\":\\"tsconfig.json\\",\\"repoSlug\\":\\"foo/bar\\",\\"ref\\":\\"007bf2423436\\"}"`;

exports[`the dangerfile gitDSL - BitBucket Cloud should include \`before\` text content of the file 1`] = `"{\\"path\\":\\"tsconfig.json\\",\\"repoSlug\\":\\"foo/bar\\",\\"ref\\":\\"8a2eb414cb5d\\"}"`;

exports[`the dangerfile gitDSL - BitBucket Cloud should include \`removed\` text content of the file 1`] = `"-\\"Example/Build\\""`;

exports[`the dangerfile gitDSL - BitBucket Cloud shows the diff for a specific file 1`] = `"\\"exclude\\":[\\"node_modules\\",\\"Pod/Assets\\",-\\"Example/Build\\"+\\"Example/Build\\",+\\"externals/\\"]}"`;

exports[`the dangerfile gitDSL - BitBucket Cloud shows the structured diff for a specific file 1`] = `
Array [
  Object {
    "changes": Array [
      Object {
        "content": "     \\"exclude\\": [",
        "ln1": 5,
        "ln2": 5,
        "normal": true,
        "type": "normal",
      },
      Object {
        "content": "         \\"node_modules\\",",
        "ln1": 6,
        "ln2": 6,
        "normal": true,
        "type": "normal",
      },
      Object {
        "content": "         \\"Pod/Assets\\",",
        "ln1": 7,
        "ln2": 7,
        "normal": true,
        "type": "normal",
      },
      Object {
        "content": "-        \\"Example/Build\\"",
        "del": true,
        "ln": 8,
        "type": "del",
      },
      Object {
        "add": true,
        "content": "+        \\"Example/Build\\",",
        "ln": 8,
        "type": "add",
      },
      Object {
        "add": true,
        "content": "+        \\"externals/\\"",
        "ln": 9,
        "type": "add",
      },
      Object {
        "content": "     ]",
        "ln1": 9,
        "ln2": 10,
        "normal": true,
        "type": "normal",
      },
      Object {
        "content": " }",
        "ln1": 10,
        "ln2": 11,
        "normal": true,
        "type": "normal",
      },
    ],
    "content": "@@ -5,6 +5,7 @@",
    "newLines": 7,
    "newStart": 5,
    "oldLines": 6,
    "oldStart": 5,
  },
]
`;
